---
http_interactions:
- request:
    method: get
    uri: https://api.stripe.com/v1/customers/65514
    body:
      encoding: US-ASCII
      string: ''
    headers:
      Accept:
      - ! '*/*; q=0.5, application/xml'
      Accept-Encoding:
      - gzip, deflate
      User-Agent:
      - Stripe/v1 RubyBindings/1.11.0
      Authorization:
      - Bearer <API_KEY>
      Content-Type:
      - application/x-www-form-urlencoded
      X-Stripe-Client-User-Agent:
      - ! '{"bindings_version":"1.11.0","lang":"ruby","lang_version":"1.9.3 p484 (2013-11-22)","platform":"x86_64-linux","publisher":"stripe","uname":"Linux
        Voyager 3.13.0-34-generic #60-Ubuntu SMP Wed Aug 13 15:45:27 UTC 2014 x86_64
        x86_64 x86_64 GNU/Linux"}'
  response:
    status:
      code: 404
      message: Not Found
    headers:
      Server:
      - nginx
      Date:
      - Tue, 26 Aug 2014 02:37:41 GMT
      Content-Type:
      - application/json;charset=utf-8
      Content-Length:
      - '118'
      Access-Control-Allow-Credentials:
      - 'true'
      Access-Control-Allow-Methods:
      - GET, POST, HEAD, OPTIONS, DELETE
      Access-Control-Max-Age:
      - '300'
      Cache-Control:
      - no-cache, no-store
      Stripe-Version:
      - '2013-08-13'
      Strict-Transport-Security:
      - max-age=31556926; includeSubDomains
    body:
      encoding: US-ASCII
      string: ! "{\n  \"error\": {\n    \"type\": \"invalid_request_error\",\n    \"message\":
        \"No such customer: 65514\",\n    \"param\": \"id\"\n  }\n}\n"
    http_version: 
  recorded_at: Tue, 26 Aug 2014 02:37:41 GMT
- request:
    method: get
    uri: https://api.stripe.com/v1/customers/66323
    body:
      encoding: US-ASCII
      string: ''
    headers:
      Accept:
      - ! '*/*; q=0.5, application/xml'
      Accept-Encoding:
      - gzip, deflate
      User-Agent:
      - Stripe/v1 RubyBindings/1.11.0
      Authorization:
      - Bearer <API_KEY>
      Content-Type:
      - application/x-www-form-urlencoded
      X-Stripe-Client-User-Agent:
      - ! '{"bindings_version":"1.11.0","lang":"ruby","lang_version":"1.9.3 p484 (2013-11-22)","platform":"x86_64-linux","publisher":"stripe","uname":"Linux
        Voyager 3.13.0-34-generic #60-Ubuntu SMP Wed Aug 13 15:45:27 UTC 2014 x86_64
        x86_64 x86_64 GNU/Linux"}'
  response:
    status:
      code: 404
      message: Not Found
    headers:
      Server:
      - nginx
      Date:
      - Tue, 26 Aug 2014 02:37:42 GMT
      Content-Type:
      - application/json;charset=utf-8
      Content-Length:
      - '118'
      Access-Control-Allow-Credentials:
      - 'true'
      Access-Control-Allow-Methods:
      - GET, POST, HEAD, OPTIONS, DELETE
      Access-Control-Max-Age:
      - '300'
      Cache-Control:
      - no-cache, no-store
      Stripe-Version:
      - '2013-08-13'
      Strict-Transport-Security:
      - max-age=31556926; includeSubDomains
    body:
      encoding: US-ASCII
      string: ! "{\n  \"error\": {\n    \"type\": \"invalid_request_error\",\n    \"message\":
        \"No such customer: 66323\",\n    \"param\": \"id\"\n  }\n}\n"
    http_version: 
  recorded_at: Tue, 26 Aug 2014 02:37:42 GMT
- request:
    method: get
    uri: https://api.stripe.com/v1/customers/55536
    body:
      encoding: US-ASCII
      string: ''
    headers:
      Accept:
      - ! '*/*; q=0.5, application/xml'
      Accept-Encoding:
      - gzip, deflate
      User-Agent:
      - Stripe/v1 RubyBindings/1.11.0
      Authorization:
      - Bearer <API_KEY>
      Content-Type:
      - application/x-www-form-urlencoded
      X-Stripe-Client-User-Agent:
      - ! '{"bindings_version":"1.11.0","lang":"ruby","lang_version":"1.9.3 p484 (2013-11-22)","platform":"x86_64-linux","publisher":"stripe","uname":"Linux
        Voyager 3.13.0-34-generic #60-Ubuntu SMP Wed Aug 13 15:45:27 UTC 2014 x86_64
        x86_64 x86_64 GNU/Linux"}'
  response:
    status:
      code: 404
      message: Not Found
    headers:
      Server:
      - nginx
      Date:
      - Tue, 26 Aug 2014 02:38:16 GMT
      Content-Type:
      - application/json;charset=utf-8
      Content-Length:
      - '118'
      Access-Control-Allow-Credentials:
      - 'true'
      Access-Control-Allow-Methods:
      - GET, POST, HEAD, OPTIONS, DELETE
      Access-Control-Max-Age:
      - '300'
      Cache-Control:
      - no-cache, no-store
      Stripe-Version:
      - '2013-08-13'
      Strict-Transport-Security:
      - max-age=31556926; includeSubDomains
    body:
      encoding: US-ASCII
      string: ! "{\n  \"error\": {\n    \"type\": \"invalid_request_error\",\n    \"message\":
        \"No such customer: 55536\",\n    \"param\": \"id\"\n  }\n}\n"
    http_version: 
  recorded_at: Tue, 26 Aug 2014 02:38:16 GMT
- request:
    method: get
    uri: https://api.stripe.com/v1/customers/21396
    body:
      encoding: US-ASCII
      string: ''
    headers:
      Accept:
      - ! '*/*; q=0.5, application/xml'
      Accept-Encoding:
      - gzip, deflate
      User-Agent:
      - Stripe/v1 RubyBindings/1.11.0
      Authorization:
      - Bearer <API_KEY>
      Content-Type:
      - application/x-www-form-urlencoded
      X-Stripe-Client-User-Agent:
      - ! '{"bindings_version":"1.11.0","lang":"ruby","lang_version":"1.9.3 p484 (2013-11-22)","platform":"x86_64-linux","publisher":"stripe","uname":"Linux
        Voyager 3.13.0-34-generic #60-Ubuntu SMP Wed Aug 13 15:45:27 UTC 2014 x86_64
        x86_64 x86_64 GNU/Linux"}'
  response:
    status:
      code: 404
      message: Not Found
    headers:
      Server:
      - nginx
      Date:
      - Tue, 26 Aug 2014 02:38:17 GMT
      Content-Type:
      - application/json;charset=utf-8
      Content-Length:
      - '118'
      Access-Control-Allow-Credentials:
      - 'true'
      Access-Control-Allow-Methods:
      - GET, POST, HEAD, OPTIONS, DELETE
      Access-Control-Max-Age:
      - '300'
      Cache-Control:
      - no-cache, no-store
      Stripe-Version:
      - '2013-08-13'
      Strict-Transport-Security:
      - max-age=31556926; includeSubDomains
    body:
      encoding: US-ASCII
      string: ! "{\n  \"error\": {\n    \"type\": \"invalid_request_error\",\n    \"message\":
        \"No such customer: 21396\",\n    \"param\": \"id\"\n  }\n}\n"
    http_version: 
  recorded_at: Tue, 26 Aug 2014 02:38:17 GMT
- request:
    method: get
    uri: https://api.stripe.com/v1/customers/16531
    body:
      encoding: US-ASCII
      string: ''
    headers:
      Accept:
      - ! '*/*; q=0.5, application/xml'
      Accept-Encoding:
      - gzip, deflate
      User-Agent:
      - Stripe/v1 RubyBindings/1.11.0
      Authorization:
      - Bearer <API_KEY>
      Content-Type:
      - application/x-www-form-urlencoded
      X-Stripe-Client-User-Agent:
      - ! '{"bindings_version":"1.11.0","lang":"ruby","lang_version":"1.9.3 p484 (2013-11-22)","platform":"x86_64-linux","publisher":"stripe","uname":"Linux
        Voyager 3.13.0-34-generic #60-Ubuntu SMP Wed Aug 13 15:45:27 UTC 2014 x86_64
        x86_64 x86_64 GNU/Linux"}'
  response:
    status:
      code: 404
      message: Not Found
    headers:
      Server:
      - nginx
      Date:
      - Tue, 26 Aug 2014 02:41:31 GMT
      Content-Type:
      - application/json;charset=utf-8
      Content-Length:
      - '118'
      Access-Control-Allow-Credentials:
      - 'true'
      Access-Control-Allow-Methods:
      - GET, POST, HEAD, OPTIONS, DELETE
      Access-Control-Max-Age:
      - '300'
      Cache-Control:
      - no-cache, no-store
      Stripe-Version:
      - '2013-08-13'
      Strict-Transport-Security:
      - max-age=31556926; includeSubDomains
    body:
      encoding: US-ASCII
      string: ! "{\n  \"error\": {\n    \"type\": \"invalid_request_error\",\n    \"message\":
        \"No such customer: 16531\",\n    \"param\": \"id\"\n  }\n}\n"
    http_version: 
  recorded_at: Tue, 26 Aug 2014 02:41:31 GMT
- request:
    method: get
    uri: https://api.stripe.com/v1/customers/19969
    body:
      encoding: US-ASCII
      string: ''
    headers:
      Accept:
      - ! '*/*; q=0.5, application/xml'
      Accept-Encoding:
      - gzip, deflate
      User-Agent:
      - Stripe/v1 RubyBindings/1.11.0
      Authorization:
      - Bearer <API_KEY>
      Content-Type:
      - application/x-www-form-urlencoded
      X-Stripe-Client-User-Agent:
      - ! '{"bindings_version":"1.11.0","lang":"ruby","lang_version":"1.9.3 p484 (2013-11-22)","platform":"x86_64-linux","publisher":"stripe","uname":"Linux
        Voyager 3.13.0-34-generic #60-Ubuntu SMP Wed Aug 13 15:45:27 UTC 2014 x86_64
        x86_64 x86_64 GNU/Linux"}'
  response:
    status:
      code: 404
      message: Not Found
    headers:
      Server:
      - nginx
      Date:
      - Tue, 26 Aug 2014 02:41:31 GMT
      Content-Type:
      - application/json;charset=utf-8
      Content-Length:
      - '118'
      Access-Control-Allow-Credentials:
      - 'true'
      Access-Control-Allow-Methods:
      - GET, POST, HEAD, OPTIONS, DELETE
      Access-Control-Max-Age:
      - '300'
      Cache-Control:
      - no-cache, no-store
      Stripe-Version:
      - '2013-08-13'
      Strict-Transport-Security:
      - max-age=31556926; includeSubDomains
    body:
      encoding: US-ASCII
      string: ! "{\n  \"error\": {\n    \"type\": \"invalid_request_error\",\n    \"message\":
        \"No such customer: 19969\",\n    \"param\": \"id\"\n  }\n}\n"
    http_version: 
  recorded_at: Tue, 26 Aug 2014 02:41:31 GMT
- request:
    method: get
    uri: https://api.stripe.com/v1/customers/93902
    body:
      encoding: US-ASCII
      string: ''
    headers:
      Accept:
      - ! '*/*; q=0.5, application/xml'
      Accept-Encoding:
      - gzip, deflate
      User-Agent:
      - Stripe/v1 RubyBindings/1.11.0
      Authorization:
      - Bearer <API_KEY>
      Content-Type:
      - application/x-www-form-urlencoded
      X-Stripe-Client-User-Agent:
      - ! '{"bindings_version":"1.11.0","lang":"ruby","lang_version":"1.9.3 p484 (2013-11-22)","platform":"x86_64-linux","publisher":"stripe","uname":"Linux
        Voyager 3.13.0-34-generic #60-Ubuntu SMP Wed Aug 13 15:45:27 UTC 2014 x86_64
        x86_64 x86_64 GNU/Linux"}'
  response:
    status:
      code: 404
      message: Not Found
    headers:
      Server:
      - nginx
      Date:
      - Tue, 26 Aug 2014 02:50:29 GMT
      Content-Type:
      - application/json;charset=utf-8
      Content-Length:
      - '118'
      Access-Control-Allow-Credentials:
      - 'true'
      Access-Control-Allow-Methods:
      - GET, POST, HEAD, OPTIONS, DELETE
      Access-Control-Max-Age:
      - '300'
      Cache-Control:
      - no-cache, no-store
      Stripe-Version:
      - '2013-08-13'
      Strict-Transport-Security:
      - max-age=31556926; includeSubDomains
    body:
      encoding: US-ASCII
      string: ! "{\n  \"error\": {\n    \"type\": \"invalid_request_error\",\n    \"message\":
        \"No such customer: 93902\",\n    \"param\": \"id\"\n  }\n}\n"
    http_version: 
  recorded_at: Tue, 26 Aug 2014 02:50:29 GMT
- request:
    method: get
    uri: https://api.stripe.com/v1/customers/61642
    body:
      encoding: US-ASCII
      string: ''
    headers:
      Accept:
      - ! '*/*; q=0.5, application/xml'
      Accept-Encoding:
      - gzip, deflate
      User-Agent:
      - Stripe/v1 RubyBindings/1.11.0
      Authorization:
      - Bearer <API_KEY>
      Content-Type:
      - application/x-www-form-urlencoded
      X-Stripe-Client-User-Agent:
      - ! '{"bindings_version":"1.11.0","lang":"ruby","lang_version":"1.9.3 p484 (2013-11-22)","platform":"x86_64-linux","publisher":"stripe","uname":"Linux
        Voyager 3.13.0-34-generic #60-Ubuntu SMP Wed Aug 13 15:45:27 UTC 2014 x86_64
        x86_64 x86_64 GNU/Linux"}'
  response:
    status:
      code: 404
      message: Not Found
    headers:
      Server:
      - nginx
      Date:
      - Tue, 26 Aug 2014 02:50:30 GMT
      Content-Type:
      - application/json;charset=utf-8
      Content-Length:
      - '118'
      Access-Control-Allow-Credentials:
      - 'true'
      Access-Control-Allow-Methods:
      - GET, POST, HEAD, OPTIONS, DELETE
      Access-Control-Max-Age:
      - '300'
      Cache-Control:
      - no-cache, no-store
      Stripe-Version:
      - '2013-08-13'
      Strict-Transport-Security:
      - max-age=31556926; includeSubDomains
    body:
      encoding: US-ASCII
      string: ! "{\n  \"error\": {\n    \"type\": \"invalid_request_error\",\n    \"message\":
        \"No such customer: 61642\",\n    \"param\": \"id\"\n  }\n}\n"
    http_version: 
  recorded_at: Tue, 26 Aug 2014 02:50:30 GMT
- request:
    method: get
    uri: https://api.stripe.com/v1/customers/77832
    body:
      encoding: US-ASCII
      string: ''
    headers:
      Accept:
      - ! '*/*; q=0.5, application/xml'
      Accept-Encoding:
      - gzip, deflate
      User-Agent:
      - Stripe/v1 RubyBindings/1.11.0
      Authorization:
      - Bearer <API_KEY>
      Content-Type:
      - application/x-www-form-urlencoded
      X-Stripe-Client-User-Agent:
      - ! '{"bindings_version":"1.11.0","lang":"ruby","lang_version":"1.9.3 p484 (2013-11-22)","platform":"x86_64-linux","publisher":"stripe","uname":"Linux
        Voyager 3.13.0-34-generic #60-Ubuntu SMP Wed Aug 13 15:45:27 UTC 2014 x86_64
        x86_64 x86_64 GNU/Linux"}'
  response:
    status:
      code: 404
      message: Not Found
    headers:
      Server:
      - nginx
      Date:
      - Tue, 26 Aug 2014 02:53:25 GMT
      Content-Type:
      - application/json;charset=utf-8
      Content-Length:
      - '118'
      Access-Control-Allow-Credentials:
      - 'true'
      Access-Control-Allow-Methods:
      - GET, POST, HEAD, OPTIONS, DELETE
      Access-Control-Max-Age:
      - '300'
      Cache-Control:
      - no-cache, no-store
      Stripe-Version:
      - '2013-08-13'
      Strict-Transport-Security:
      - max-age=31556926; includeSubDomains
    body:
      encoding: US-ASCII
      string: ! "{\n  \"error\": {\n    \"type\": \"invalid_request_error\",\n    \"message\":
        \"No such customer: 77832\",\n    \"param\": \"id\"\n  }\n}\n"
    http_version: 
  recorded_at: Tue, 26 Aug 2014 02:53:25 GMT
- request:
    method: get
    uri: https://api.stripe.com/v1/customers/13667
    body:
      encoding: US-ASCII
      string: ''
    headers:
      Accept:
      - ! '*/*; q=0.5, application/xml'
      Accept-Encoding:
      - gzip, deflate
      User-Agent:
      - Stripe/v1 RubyBindings/1.11.0
      Authorization:
      - Bearer <API_KEY>
      Content-Type:
      - application/x-www-form-urlencoded
      X-Stripe-Client-User-Agent:
      - ! '{"bindings_version":"1.11.0","lang":"ruby","lang_version":"1.9.3 p484 (2013-11-22)","platform":"x86_64-linux","publisher":"stripe","uname":"Linux
        Voyager 3.13.0-34-generic #60-Ubuntu SMP Wed Aug 13 15:45:27 UTC 2014 x86_64
        x86_64 x86_64 GNU/Linux"}'
  response:
    status:
      code: 404
      message: Not Found
    headers:
      Server:
      - nginx
      Date:
      - Tue, 26 Aug 2014 02:53:27 GMT
      Content-Type:
      - application/json;charset=utf-8
      Content-Length:
      - '118'
      Access-Control-Allow-Credentials:
      - 'true'
      Access-Control-Allow-Methods:
      - GET, POST, HEAD, OPTIONS, DELETE
      Access-Control-Max-Age:
      - '300'
      Cache-Control:
      - no-cache, no-store
      Stripe-Version:
      - '2013-08-13'
      Strict-Transport-Security:
      - max-age=31556926; includeSubDomains
    body:
      encoding: US-ASCII
      string: ! "{\n  \"error\": {\n    \"type\": \"invalid_request_error\",\n    \"message\":
        \"No such customer: 13667\",\n    \"param\": \"id\"\n  }\n}\n"
    http_version: 
  recorded_at: Tue, 26 Aug 2014 02:53:27 GMT
recorded_with: VCR 2.8.0
